// Vitest Snapshot v1, https://vitest.dev/guide/snapshot.html

exports[`i18n translation snapshot > TRANSLATIONS.ja should match snapshot (complete match to v2.0.0) 1`] = `
"{
  "analysis.baseScenario": "基準シナリオ",
  "analysis.category.asset": "資産",
  "analysis.category.buffer": "現金バッファ",
  "analysis.category.guardrail": "ガードレール",
  "analysis.category.market": "マーケット",
  "analysis.compare.badge": "基準",
  "analysis.compare.headers.finalP10": "最終総資産<br>10%タイル",
  "analysis.compare.headers.successRate": "FIRE成功率",
  "analysis.compare.headers.worst10MaxDd": "最大DD<br>10%タイル",
  "analysis.compare.headers.worst10MaxDd.tooltip": "全シミュレーション結果の下位10%における最大ドローダウン（総資産の過去最高値からの最大下落率）です。",
  "analysis.compare.legend.base": "基準",
  "analysis.compare.legend.negative": "悪化方向",
  "analysis.compare.legend.positive": "改善方向",
  "analysis.compare.title": "因子別比較表",
  "analysis.editBase": "シミュレーションタブで条件を編集",
  "analysis.estTime": "目安: {0}秒",
  "analysis.estTimePrefix": "目安:",
  "analysis.exportZip": "ZIP出力 (ベータ)",
  "analysis.factorBaseSuffix": "基準",
  "analysis.factors.drawdown_trigger_pct": "ドローダウン閾値<br>（取崩し判定）",
  "analysis.factors.expected_return_pct": "期待リターン",
  "analysis.factors.guardrail_reduction_pct": "発動時の支出調整率",
  "analysis.factors.guardrail_trigger_pct": "ドローダウン閾値<br>（ガードレール発動）",
  "analysis.factors.inflation_rate_pct": "インフレ率",
  "analysis.factors.initial_cash_buffer_jpy": "初期現金バッファ",
  "analysis.factors.initial_risk_asset_jpy": "初期リスク資産",
  "analysis.factors.monthly_expense_jpy": "初期月間取崩し額",
  "analysis.factors.replenish_pace_x_expense": "補充ペース<br>（月間取崩し額比）",
  "analysis.factors.volatility_pct": "ボラティリティ",
  "analysis.factorsHelp": "因子をクリックすると分析対象に追加されます。<br>各因子は基準値から段階的に値を変えた5水準でシミュレーションを実行します。",
  "analysis.factorsTitle": "分析対象因子",
  "analysis.noBaseContext": "主画面でシミュレーションを実行してください",
  "analysis.noFactors": "因子を選択してください",
  "analysis.outOfRange": "この因子の範囲では改善後の指標値に届きません。",
  "analysis.run": "分析を実行",
  "analysis.running": "分析を実行中... {0}%",
  "analysis.scenarioCount": "シナリオ総数: {0}",
  "analysis.scenarioCountPrefix": "シナリオ総数:",
  "analysis.selectedCount": "選択中: {0}因子",
  "analysis.successRateHigh": "FIRE成功率は95%以上であり既に十分高いため、改善対象外です。",
  "analysis.target.after": "変更後の値",
  "analysis.target.current": "現在値",
  "analysis.target.currentColon": ": ",
  "analysis.target.currentLabel": "現在の{0}: {1}",
  "analysis.target.currentPrefix": "現在の",
  "analysis.target.factorCol": "因子",
  "analysis.target.metric.finalP10": "最終総資産 10%タイル +2,000万円",
  "analysis.target.metric.successRate": "FIRE成功率 改善 +{0}%pt",
  "analysis.target.metric.successRateInitial": "FIRE成功率 改善 +X%pt",
  "analysis.target.metric.worst10MaxDd": "最大DD 10%タイル 改善 5%pt",
  "analysis.target.metricLabels.finalP10": "最終総資産 10%タイル",
  "analysis.target.metricLabels.successRate": "FIRE成功率",
  "analysis.target.metricLabels.worst10MaxDd": "最大DD 10%タイル",
  "analysis.target.metricTooltip": "<b>FIRE成功率 改善 +X%pt</b>: FIRE成功率を現在値から指定幅改善するのに必要な因子変動を計算します。<br><b>最終総資産 10%タイル +2,000万円</b>: 全シミュレーション結果の下位10%の最終総資産を2,000万円改善するのに必要な因子変動を計算します。<br><b>最大DD 10%タイル 改善 5%pt</b>: 最大ドローダウンの悪化を5%pt改善（落ち幅を小さく）するのに必要な因子変動を計算します。",
  "analysis.target.need": "必要な変更量",
  "analysis.target.title": "指標の改善に必要な因子変動量",
  "analysis.target.tooltip": "5つの水準のシミュレーション結果をもとに、指標の改善に必要な因子の変動量を<b>線形補間</b>で計算しています。<br>改善後の指標値が隣接する2水準の間に位置する場合、その区間内で線形補間して必要な因子値を求めます。<br>改善後の指標値が水準の範囲外の場合、「この因子の範囲では改善後の指標値に届きません。」と表示します。<br>FIRE成功率の改善後の指標値は、現在の成功率に応じて自動的に調整されます。<br><b class=\\"text-amber-300\\">⚠️ 線形補間は簡易的な近似計算であり、実際のシミュレーション結果は非線形に変化する場合があります。参考値としてご利用ください。</b>",
  "analysis.zipping": "ZIP生成中...",
  "asset.cashBuffer": "初期現金バッファ",
  "asset.cashBuffer.tooltip": "シミュレーション開始時点での現金（無リスク資産）の総額です。<br>総資産下落（ドローダウン）がドローダウン閾値以上の場合には、リスク資産の売却を避け、現金バッファを取崩し対象とします。<br>総資産が最高値を超えた時にリスク資産から補充されます。<br>インフレ率の設定に応じて将来の現金バッファ上限（開始時点は初期現金バッファと同額）が計算されます。<br><span class=\\"text-amber-300\\">※判定は月末（支出後）の総資産を基準に行われ、実際の現金使用は翌月から適用されます。</span>",
  "asset.expense": "初期月間取崩し額",
  "asset.expense.tooltip": "シミュレーション開始時点での月間取崩し額です。<br>※税金や社会保険料等を含んだ、資産から減少する総額を入力してください。<br>インフレ率の設定に応じて将来の取崩し額が計算されます。<br>",
  "asset.riskAsset": "初期リスク資産",
  "asset.riskAsset.tooltip": "シミュレーション開始時点でのリスク資産（株式や投資資産など）の総額です。<br>総資産下落（ドローダウン）がドローダウン閾値（取崩し判定）未満ならば、月間取崩し額をリスク資産から取崩します。",
  "asset.targetAsset": "終了時目標資産",
  "asset.targetAsset.hint": "初期総資産に対する割合（100%=元本維持）",
  "asset.targetAsset.tooltip": "シミュレーション終了時に、初期総資産（リスク資産+現金バッファ）のこの割合以上の資産を維持できる確率を計算します。<br>100%の場合は元本維持確率に相当します。<br>※インフレ調整は行いません。",
  "asset.title": "資産設定",
  "button.copied": "コピーしました！",
  "button.copyUrl": "解析結果のURLリンクをコピー",
  "button.imageSaved": "保存しました！",
  "button.openCompare": "同条件の別タブを開く（比較用）",
  "button.run": "シミュレーション実行",
  "button.running": "計算中... {0}%",
  "button.saveImage": "画像を保存",
  "button.savingImage": "画像生成中...",
  "button.shareX": "Xにポスト",
  "button.tooltipDirty": "入力条件が変更されました。再度シミュレーションを実行してください。",
  "button.tooltipDisabled": "シミュレーション実行後に使用できます",
  "capture.cashBuffer": "現金バッファ:",
  "capture.chartTitle": "総資産推移",
  "capture.conditionTitle": "シミュレーション条件",
  "capture.emptyModel": "-",
  "capture.emptyValue": "-",
  "capture.execTime": "実行日時:",
  "capture.expense": "月間取崩し:",
  "capture.finalMedian": "最終総資産(中央値)",
  "capture.footerCredit": "Created by @moriyama_eng",
  "capture.footerUrl": "https://moriyama-eng.github.io/fire-simulator/ | v{VERSION}",
  "capture.guardrail": "支出ガードレール:",
  "capture.inflation": "インフレ率:",
  "capture.model": "変動モデル:",
  "capture.resultTitle": "シミュレーション結果",
  "capture.returnVol": "ﾘﾀｰﾝ / ﾎﾞﾗ:",
  "capture.riskAsset": "リスク資産:",
  "capture.successRate": "FIRE 成功率",
  "capture.targetLabel": "(目標: ",
  "capture.targetMaintainRate": "目標資産維持確率",
  "capture.title": "FIRE モンテカルロ・シミュレータ",
  "capture.years": "期間:",
  "cb.ddReplenish": "ドローダウン閾値（補充終了）",
  "cb.ddReplenish.tooltip": "ドローダウンが改善し総資産の過去最高値を更新すると、現金バッファ不足分をリスク資産から毎月補充する「補充モード」に入ります。<br>再びこの割合を下回り悪化した場合、補充モードを終了します。<br><span class=\\"text-amber-300\\">※判定は月末（支出後）の総資産を基準に行われます。</span><br><span class=\\"text-amber-300\\">※判定は月末（支出後）の総資産を基準に行われます。</span>",
  "cb.ddTrigger": "ドローダウン閾値（取崩し判定）",
  "cb.ddTrigger.tooltip": "総資産の過去最高値からの下落（ドローダウン）がこの割合を下回り悪化した場合、リスク資産の売却を避け、現金バッファを取崩し対象とします。<br><span class=\\"text-amber-300\\">※判定は月末（支出後）の総資産を基準に行われ、実際の現金使用は翌月から適用されます。</span>",
  "cb.off": "OFF",
  "cb.on": "ON",
  "cb.replenishPace": "補充ペース（月間取崩し額比）",
  "cb.replenishPace.tooltip": "補充モード中、毎月リスク資産から現金バッファへ補填する額を指定します。「月間取崩し額」に対する倍率です。<br>",
  "cb.title": "現金バッファ設定",
  "chart.asset.all": "全表示",
  "chart.asset.downsideOnly": "50%以下のみ",
  "chart.asset.downsideTooltip": "ONにすると50%以下のパーセンタイル線（悲観〜中央値シナリオ）のみを表示します。<br>資産が下振れするリスクに焦点を当てて確認したい場合に便利です。<br>OFFにすると楽観シナリオを含む全パーセンタイル線を表示します。",
  "chart.asset.title": "総資産推移（パーセンタイル）",
  "chart.asset.tooltip": "各経過年数時点における総資産額の分布をパーセンタイル（データを昇順（小さい順）に並べた際、下から数えてどの割合の位置にいるかを示す指標）で表したグラフです。<br>上に行くほど強気な相場、下に行くほど弱気な相場のシナリオを反映しています。",
  "chart.cash.all": "全表示",
  "chart.cash.downsideOnly": "50%以下のみ",
  "chart.cash.downsideTooltip": "ONにすると50%以下のパーセンタイル線（悲観〜中央値シナリオ）のみを表示します。<br>現金バッファが尽きやすい悪い状況に絞って確認できます。<br>OFFにすると楽観シナリオを含む全パーセンタイル線を表示します。",
  "chart.cash.title": "現金バッファ推移（パーセンタイル）",
  "chart.cash.tooltip": "各経過年数時点における現金バッファの残高分布をパーセンタイル（データを昇順（小さい順）に並べた際、下から数えてどの割合の位置にいるかを示す指標）で表したグラフです。<br>現金バッファが取崩され、資産が回復した際にリスク資産から現金バッファが補充される挙動を可視化しています。",
  "chart.dd.axisTitle": "最大ドローダウン",
  "chart.dd.title": "最大ドローダウン 発生確率",
  "chart.dd.tooltip": "最大ドローダウン（総資産の過去最高値からの最大下落率）が、特定の値よりも悪化する（下回る）確率を表します。<br>例えばグラフ上で横軸が-50%、縦軸が30%の場合、「最大ドローダウンが-50%より悪化する確率が30%ある」ことを意味します。",
  "chart.dd.tooltipTitle": "最大ドローダウン 発生確率",
  "chart.probability": "発生確率",
  "chart.tooltip.ddWorse": "最大ドローダウンが {0}% より悪化する確率: {1}%",
  "chart.tooltip.ddWorseLabel": "最大ドローダウンが {0}% より悪化",
  "chart.tooltip.dead": "総資産が枯渇する確率: {0}%",
  "chart.tooltip.deadLabel": "総資産の枯渇",
  "chart.tooltip.probabilityLabel": "発生確率: {0}%",
  "chart.tooltip.uwLonger": "最長停滞期間が {0} 以上続く確率: {1}%",
  "chart.tooltip.uwLongerLabel": "最長停滞期間が {0} 以上",
  "chart.tooltip.uwPeriod": "{0}年{1}ヶ月",
  "chart.tooltip.year": "経過 {0}年",
  "chart.tooltip.yearMonth": "経過 {0}年{1}ヶ月",
  "chart.tooltip.zeroYears": "0年",
  "chart.uw.axisTitle": "最長停滞期間",
  "chart.uw.title": "最長停滞期間 発生確率",
  "chart.uw.tooltip": "総資産が過去最高値を更新できずに停滞し続ける期間（最長停滞期間）が、特定の年数以上長引く確率を表します。<br>例えばグラフ上で横軸が5年、縦軸が20%の場合、「最高値の回復までに5年以上かかる確率が20%ある」ことを意味します。",
  "chart.uw.tooltipTitle": "最長停滞期間 発生確率",
  "comparison.addScenario": "＋ シナリオ追加",
  "comparison.auto": "自動",
  "comparison.cannotDeleteLast": "最後の1シナリオは削除できません",
  "comparison.confirmDelete": "このシナリオを削除してもよろしいですか？",
  "comparison.deleteFailed": "シナリオの削除に失敗しました",
  "comparison.deleteScenario": "シナリオを削除",
  "comparison.deleteSuccess": "シナリオを削除しました",
  "comparison.displayConditionNote": "行の表示/非表示はシナリオ1の設定に連動します。",
  "comparison.duplicateName": "{0} のコピー",
  "comparison.duplicateTitle": "シナリオを複製",
  "comparison.finalMedian.tooltip": "シミュレーション終了時の総資産の中央値（50%タイル）です。",
  "comparison.fixed": "固定",
  "comparison.manual": "固定",
  "comparison.maxScenarios": "シナリオは最大10件までです。",
  "comparison.medianMaxUw.tooltip": "全シミュレーションパスの最長停滞期間（最高値を更新できない期間）の中央値です。",
  "comparison.median_max_uw": "最長停滞期間 中央値",
  "comparison.moveHint": "←→ ボタンでシナリオの順序を入れ替えられます。",
  "comparison.moveLeft": "左に移動",
  "comparison.moveRight": "右に移動",
  "comparison.overwriteFromSim": "シミュレーションタブの現在値で上書き",
  "comparison.overwriteSuccess": "シナリオを上書きしました",
  "comparison.overwriteTitle": "シミュレーションタブの現在値で上書き",
  "comparison.parameter": "パラメータ",
  "comparison.runAll": "▶ すべて実行",
  "comparison.running": "実行中... {0}/{1}",
  "comparison.scenarioDefaultName": "シナリオ {0}",
  "comparison.scenarioName": "シナリオ名（クリックで編集）",
  "comparison.variable": "変動(AR-1)",
  "error.imageFailed": "画像の生成に失敗しました。シミュレーション完了後に実行してください。\\n\\n詳細: {0}",
  "error.noBase": "Base条件が設定されていません。",
  "error.noFactors": "因子が選択されていません。",
  "error.noJSZip": "JSZipが読み込まれていません",
  "error.noResult": "分析結果なし",
  "error.simFailed": "シミュレーション中にエラーが発生しました。",
  "error.simulationFailed": "シミュレーション中にエラーが発生しました",
  "error.zipFailed": "ZIP出力に失敗しました: {0}",
  "footer.copyright": "© 2026 もりやま",
  "footer.title": "FIRE モンテカルロ・シミュレータ",
  "gr.off": "OFF",
  "gr.on": "ON",
  "gr.reduction": "発動時の支出調整率",
  "gr.reduction.tooltip": "ガードレール発動中、月間取崩し額にこの割合を掛けて支出を自動調整します。<br>例：-20% = 取崩し額を20%削減して支出を抑制。<br>「ドローダウン閾値（ガードレール終了）」を上回るまで回復すると自動解除され、元の取崩し額に戻ります。",
  "gr.release": "ドローダウン閾値（ガードレール終了）",
  "gr.release.tooltip": "ガードレール発動中、ドローダウンが改善しこの割合を上回るとガードレールが自動解除され、元の取崩し額に戻ります。<br>例：-15% = ドローダウンが-15%より改善したとき解除。<br>設定可能範囲：0%（完全回復）から「ドローダウン閾値（ガードレール発動）」の設定値まで。<br><span class=\\"text-amber-300\\">※判定は月末（支出後）の総資産を基準に行われ、発動は翌月から適用されます。</span>",
  "gr.title": "支出ガードレール設定",
  "gr.trigger": "ドローダウン閾値（ガードレール発動）",
  "gr.trigger.tooltip": "総資産の過去最高値からの下落（ドローダウン）がこの割合を下回り悪化した場合、支出の自動削減（ガードレール）が発動します。<br>例：-20% = 資産が過去ピーク比20%以上下落したとき発動。<br>ガードレールの解除条件は「ドローダウン閾値（ガードレール終了）」にて設定します。<br><span class=\\"text-amber-300\\">※判定は月末（支出後）の総資産を基準に行われ、発動は翌月から適用されます。</span>",
  "header.description": "モンテカルロ法（乱数による膨大な反復試行）により何万通りもの市場シナリオを生成し、あなたのFIREプランを統計的に検証します。",
  "header.title": "FIRE モンテカルロ・シミュレータ v{VERSION}",
  "market.dfAuto": "自動",
  "market.dfAutoDisplay": "ボラティリティから自動計算: {0}",
  "market.dfLabel": "t分布 自由度",
  "market.dfManual": "固定",
  "market.dfTooltip": "t分布の裾の重さを制御するパラメータです。<br>値が小さいほど極端な暴落が頻発します。<br>自動モードではボラティリティから自動計算します。",
  "market.expectedReturn": "期待リターン",
  "market.expectedReturn.tooltip": "リスク資産の年平均成長率（算術平均）です。<br>過去の市場平均などを参考に設定します。",
  "market.inflation": "期待インフレ率",
  "market.inflation.tooltip": "長期的な平均インフレ率です。<br>（AR-1モデルではこの値を中心にしてインフレ率が変動します）",
  "market.inflationAr": "インフレ粘着性 (AR係数)",
  "market.inflationAr.tooltip": "インフレの「長引きやすさ」を設定します。<br>0.0 (ランダム): 毎月完全にランダム。<br>0.5 (標準値): 実際の月次データに近い設定。<br>高インフレが継続しやすくなります（スタグフレーション・リスクの再現）。<br>0.9 (極めて強い): 一度上がった物価が長期間下がらなくなります。<br>",
  "market.inflationFixed": "固定",
  "market.inflationModelLabel": "インフレ変動モデル (AR-1)",
  "market.inflationModelTooltip": "インフレ率の変動モデルを選択します。<br>固定：常に一定のインフレ率を使用します。<br>変動(AR-1)：平均回帰型の確率モデルでインフレ率が毎月変動します。",
  "market.inflationVariable": "変動",
  "market.inflationVol": "インフレ・ボラティリティ",
  "market.inflationVol.tooltip": "毎年のインフレ率の「ブレ幅（標準偏差）」です。<br>米国の過去実績に合わせて 2.0% 程度に設定すると現実的です。<br>この値が大きいほど、想定外のインフレ高騰リスクが高まります。<br>",
  "market.model.lognormal": "対数正規分布（伝統的な金融理論）",
  "market.model.logt": "対数t分布（現実的なリスク管理）",
  "market.modelLabel": "リスク資産変動モデル",
  "market.modelTooltip": "リスク資産の価格変動パターンを選択します。<br>対数正規分布は伝統的な金融理論に基づくモデルです。<br>対数t分布はファットテール（極端な暴落）を考慮した現実的なリスク管理モデルです。",
  "market.title": "マーケット設定",
  "market.volatility": "ボラティリティ",
  "market.volatility.tooltip": "リスク資産のリターンのばらつき（標準偏差）です。<br>この数値が大きいほど、毎年リターンが上下に大きく振れるリスクが高くなります。<br>",
  "seed.fixed": "固定",
  "seed.label": "乱数シード値",
  "seed.random": "ランダム",
  "seed.tooltip": "乱数の生成元となるシード値です。<br>固定にすると同一条件で完全に再現されたシミュレーション結果が得られます。<br>「Xにポスト」、「同条件の別タブを開く」、「解析結果のURLリンクをコピー」で共有されるURLには、実行時のシード値が自動的に含まれます。シード値を揃えることで、条件変更による差分を純粋に比較できます。",
  "share.x.template": "【FIREシミュレーション結果】\\n💰 リスク資産: {0}\\n💴 現金バッファ: {1}\\n💸 月間取崩し額: {2}\\n📈 リターン/ボラ: {3}% / {4}%\\n📉 インフレ率: {5}%\\n⏳ 期間: {6}\\n🔥 成功確率: {7}%\\n\\n同じ条件で試す👇\\n{8}",
  "sim.paths": "シミュレーション回数",
  "sim.paths.tooltip": "モンテカルロ・シミュレーションを試行する回数です。<br>回数が多いほど確率の精度が増しますが、計算に時間がかかります。",
  "sim.percentile": "パーセンタイル",
  "sim.percentile.tooltip": "グラフに表示するパーセンタイル線をカンマ区切りで指定します（例: 10, 25, 50, 75, 90）。<br>設定できるのは最大5本です。数字以外の文字や範囲外の値（0・100など）は自動で除去され、昇順に並び替えて整形されます。<br>色は昇順で 赤→橙→黄→黄緑→緑 のグラデーションで表示されます。",
  "sim.title": "シミュレーション設定",
  "sim.years": "シミュレーション年数",
  "sim.years.tooltip": "資産運用と取崩しを継続する期間（年数）です。<br>",
  "summary.cashBuffer": "初期現金バッファ",
  "summary.cb.replenishEnd": "補充終了",
  "summary.cb.replenishEndValue": "ドローダウン {0}%以下に悪化",
  "summary.cb.replenishPace": "補充ペース",
  "summary.cb.replenishPaceValue": "月間取崩し額の{0}倍",
  "summary.cb.replenishStart": "補充開始",
  "summary.cb.replenishStartValue": "総資産最高値更新",
  "summary.cb.triggerLabel": "取崩し判定",
  "summary.cb.triggerValue": "ドローダウン {0}%",
  "summary.cbSettings": "現金バッファ設定",
  "summary.dirtyWarning": "条件変更あり",
  "summary.expense": "初期月間取崩し額",
  "summary.finalMedian": "最終総資産 中央値",
  "summary.gr.reductionLabel": "発動時の支出調整率",
  "summary.gr.reductionValue": "{0}%（月間取崩し額に適用）",
  "summary.gr.releaseLabel": "ガードレール終了",
  "summary.gr.releaseValue": "ドローダウン {0}%以上まで回復",
  "summary.gr.triggerLabel": "ガードレール発動",
  "summary.gr.triggerValue": "ドローダウン {0}%以下に悪化",
  "summary.grSettings": "支出ガードレール設定",
  "summary.inflation": "期待インフレ率",
  "summary.inflation.ar1": "AR-1変動 ({0}%, Vol:{1}%)",
  "summary.inflation.fixed": "固定 ({0}%)",
  "summary.model.df": "自由度",
  "summary.model.label": "変動モデル",
  "summary.model.lognormal": "対数正規分布",
  "summary.model.logt": "対数t分布",
  "summary.notExecuted": "未実行",
  "summary.off": "OFF",
  "summary.returnVol": "期待リターン / ボラ",
  "summary.riskAsset": "初期リスク資産",
  "summary.seed": "乱数シード値",
  "summary.simSettings": "シミュレーション設定",
  "summary.successRate": "FIRE 成功率",
  "summary.successRate.tooltip": "シミュレーション全体のうち、期間中に一度も資産が枯渇しなかった割合です。",
  "summary.targetMaintainRate": "目標資産維持確率",
  "summary.targetMaintainRate.tooltip": "終了時に初期総資産の{0}%以上を維持できる確率（※インフレ調整なしの名目値）",
  "summary.title": "シミュレーション結果 サマリ",
  "tab.analysis": "分析",
  "tab.comparison": "比較",
  "tab.simulation": "シミュレーション",
  "unit.man": "万円",
  "unit.minutes": "分",
  "unit.months": "ヶ月",
  "unit.multiplier": "倍",
  "unit.oku": "億円",
  "unit.paths": "回",
  "unit.percent": "%",
  "unit.seconds": "秒",
  "unit.times": "倍",
  "unit.years": "年",
  "url.tooltipCopy": "現在の入力条件・シード値・自動実行フラグ（auto=1）を含むURLをクリップボードにコピーします。<br>このURLをブラウザで開くと、同じ条件でシミュレーションが自動的に実行されます。<br>シミュレーション結果の保存や共有に活用できます。",
  "url.tooltipOpenCompare": "現在の入力条件と同じ乱数シード値に固定したURLを別タブで開きます。<br>別タブ側で一部の条件を変えてシミュレーションすることで、条件変更による影響を同じ乱数で比較できます。<br>別タブを開いた後は、入力値を変更して「シミュレーション実行」ボタンを押してください。",
  "zipDone": "✅ ダウンロード完了"
}"
`;
